in_source: |-
  int n = 0;
  str {20} a = '';
  read(n);
  while (n>0) {
      a = a + n;
      read(n);
  }
  print(a);
in_stdin: |-
  Artem
out_code: |-
  [{"index": 0, "opcode": "Opcode.LD", "arg1": "#", "arg2": 0},
  {"index": 1, "opcode": "Opcode.PUSH", "arg1": null, "arg2": null},
  {"index": 2, "opcode": "Opcode.LD", "arg1": "#", "arg2": 2011},
  {"index": 3, "opcode": "Opcode.PUSH", "arg1": null, "arg2": null},
  {"index": 4, "opcode": "Opcode.LD", "arg1": "#", "arg2": 0},
  {"index": 5, "opcode": "Opcode.ST", "arg1": "=", "arg2": 2011},
  {"index": 6, "opcode": "Opcode.LD", "arg1": "=", "arg2": 2000},
  {"index": 7, "opcode": "Opcode.ST", "arg1": "=", "arg2": 4095},
  {"index": 8, "opcode": "Opcode.LD", "arg1": "=", "arg2": 4095},
  {"index": 9, "opcode": "Opcode.CMP", "arg1": "#", "arg2": 0},
  {"index": 10, "opcode": "Opcode.JB", "arg1": "#", "arg2": 26},
  {"index": 11, "opcode": "Opcode.LD", "arg1": "#", "arg2": 2011},
  {"index": 12, "opcode": "Opcode.PUSH", "arg1": null, "arg2": null},
  {"index": 13, "opcode": "Opcode.LD", "arg1": "~", "arg2": 4093},
  {"index": 14, "opcode": "Opcode.CMP", "arg1": "#", "arg2": 0},
  {"index": 15, "opcode": "Opcode.JE", "arg1": "#", "arg2": 20},
  {"index": 16, "opcode": "Opcode.POP", "arg1": null, "arg2": null},
  {"index": 17, "opcode": "Opcode.INC", "arg1": null, "arg2": null},
  {"index": 18, "opcode": "Opcode.PUSH", "arg1": null, "arg2": null},
  {"index": 19, "opcode": "Opcode.JUMP", "arg1": "#", "arg2": 13},
  {"index": 20, "opcode": "Opcode.LD", "arg1": "=", "arg2": 4095},
  {"index": 21, "opcode": "Opcode.ST", "arg1": "~", "arg2": 4093},
  {"index": 22, "opcode": "Opcode.POP", "arg1": null, "arg2": null},
  {"index": 23, "opcode": "Opcode.LD", "arg1": "=", "arg2": 2000},
  {"index": 24, "opcode": "Opcode.ST", "arg1": "=", "arg2": 4095},
  {"index": 25, "opcode": "Opcode.JUMP", "arg1": "#", "arg2": 8},
  {"index": 26, "opcode": "Opcode.LD", "arg1": "#", "arg2": 2011},
  {"index": 27, "opcode": "Opcode.PUSH", "arg1": null, "arg2": null},
  {"index": 28, "opcode": "Opcode.LD", "arg1": "~", "arg2": 4093},
  {"index": 29, "opcode": "Opcode.ST", "arg1": "=", "arg2": 2000},
  {"index": 30, "opcode": "Opcode.CMP", "arg1": "#", "arg2": 0},
  {"index": 31, "opcode": "Opcode.JE", "arg1": "#", "arg2": 36},
  {"index": 32, "opcode": "Opcode.POP", "arg1": null, "arg2": null},
  {"index": 33, "opcode": "Opcode.INC", "arg1": null, "arg2": null},
  {"index": 34, "opcode": "Opcode.PUSH", "arg1": null, "arg2": null},
  {"index": 35, "opcode": "Opcode.JUMP", "arg1": "#", "arg2": 28},
  {"index": 36, "opcode": "Opcode.POP", "arg1": null, "arg2": null},
  {"index": 37, "opcode": "Opcode.HALT", "arg1": null, "arg2": null}]

out_stdout: |-
  Artem
out_log: |-
  INFO    processor:simulation    Simulation start
  DEBUG   control_unit:process_tick  execute_command       Opcode.LD | tick:          3 | ip:          1 | dr          0 |ar:          0 | acc:          0
  DEBUG   control_unit:process_tick  execute_command     Opcode.PUSH | tick:          5 | ip:          2 | dr          0 |ar:          0 | acc:          0
  DEBUG   control_unit:process_tick  execute_command       Opcode.LD | tick:          9 | ip:          3 | dr       2011 |ar:          0 | acc:       2011
  DEBUG   control_unit:process_tick  execute_command     Opcode.PUSH | tick:         11 | ip:          4 | dr       2011 |ar:          0 | acc:       2011
  DEBUG   control_unit:process_tick  execute_command       Opcode.LD | tick:         15 | ip:          5 | dr          0 |ar:          0 | acc:          0
  DEBUG   control_unit:process_tick  execute_command       Opcode.ST | tick:         19 | ip:          6 | dr          0 |ar:       2011 | acc:          0
  DEBUG   control_unit:process_tick  execute_command       Opcode.LD | tick:         23 | ip:          7 | dr         65 |ar:       2000 | acc:         65
  DEBUG   control_unit:process_tick  execute_command       Opcode.ST | tick:         27 | ip:          8 | dr         65 |ar:       4095 | acc:         65
  DEBUG   control_unit:process_tick  execute_command       Opcode.LD | tick:         31 | ip:          9 | dr         65 |ar:       4095 | acc:         65
  DEBUG   control_unit:process_tick  execute_command      Opcode.CMP | tick:         35 | ip:         10 | dr          0 |ar:       4095 | acc:         65
  DEBUG   control_unit:process_tick  execute_command       Opcode.JB | tick:         39 | ip:         11 | dr         26 |ar:       4095 | acc:         65
  DEBUG   control_unit:process_tick  execute_command       Opcode.LD | tick:         43 | ip:         12 | dr       2011 |ar:       4095 | acc:       2011
  DEBUG   control_unit:process_tick  execute_command     Opcode.PUSH | tick:         45 | ip:         13 | dr       2011 |ar:       4095 | acc:       2011
  DEBUG   control_unit:process_tick  execute_command       Opcode.LD | tick:         50 | ip:         14 | dr          0 |ar:       2011 | acc:          0
  DEBUG   control_unit:process_tick  execute_command      Opcode.CMP | tick:         54 | ip:         15 | dr          0 |ar:       2011 | acc:          0
  DEBUG   control_unit:process_tick  execute_command       Opcode.JE | tick:         58 | ip:         20 | dr         20 |ar:       2011 | acc:          0
  DEBUG   control_unit:process_tick  execute_command       Opcode.LD | tick:         62 | ip:         21 | dr         65 |ar:       4095 | acc:         65
  DEBUG   control_unit:process_tick  execute_command       Opcode.ST | tick:         67 | ip:         22 | dr         65 |ar:       2011 | acc:         65
  DEBUG   control_unit:process_tick  execute_command      Opcode.POP | tick:         69 | ip:         23 | dr         65 |ar:       2011 | acc:       2011
  DEBUG   control_unit:process_tick  execute_command       Opcode.LD | tick:         73 | ip:         24 | dr        114 |ar:       2000 | acc:        114
  DEBUG   control_unit:process_tick  execute_command       Opcode.ST | tick:         77 | ip:         25 | dr        114 |ar:       4095 | acc:        114
  DEBUG   control_unit:process_tick  execute_command     Opcode.JUMP | tick:         81 | ip:          8 | dr          8 |ar:       4095 | acc:        114
  DEBUG   control_unit:process_tick  execute_command       Opcode.LD | tick:         85 | ip:          9 | dr        114 |ar:       4095 | acc:        114
  DEBUG   control_unit:process_tick  execute_command      Opcode.CMP | tick:         89 | ip:         10 | dr          0 |ar:       4095 | acc:        114
  DEBUG   control_unit:process_tick  execute_command       Opcode.JB | tick:         93 | ip:         11 | dr         26 |ar:       4095 | acc:        114
  DEBUG   control_unit:process_tick  execute_command       Opcode.LD | tick:         97 | ip:         12 | dr       2011 |ar:       4095 | acc:       2011
  DEBUG   control_unit:process_tick  execute_command     Opcode.PUSH | tick:         99 | ip:         13 | dr       2011 |ar:       4095 | acc:       2011
  DEBUG   control_unit:process_tick  execute_command       Opcode.LD | tick:        104 | ip:         14 | dr         65 |ar:       2011 | acc:         65
  DEBUG   control_unit:process_tick  execute_command      Opcode.CMP | tick:        108 | ip:         15 | dr          0 |ar:       2011 | acc:         65
  DEBUG   control_unit:process_tick  execute_command       Opcode.JE | tick:        112 | ip:         16 | dr         20 |ar:       2011 | acc:         65
  DEBUG   control_unit:process_tick  execute_command      Opcode.POP | tick:        114 | ip:         17 | dr         20 |ar:       2011 | acc:       2011
  DEBUG   control_unit:process_tick  execute_command      Opcode.INC | tick:        116 | ip:         18 | dr         20 |ar:       2011 | acc:       2012
  DEBUG   control_unit:process_tick  execute_command     Opcode.PUSH | tick:        118 | ip:         19 | dr         20 |ar:       2011 | acc:       2012
  DEBUG   control_unit:process_tick  execute_command     Opcode.JUMP | tick:        122 | ip:         13 | dr         13 |ar:       2011 | acc:       2012
  DEBUG   control_unit:process_tick  execute_command       Opcode.LD | tick:        127 | ip:         14 | dr          0 |ar:       2012 | acc:          0
  DEBUG   control_unit:process_tick  execute_command      Opcode.CMP | tick:        131 | ip:         15 | dr          0 |ar:       2012 | acc:          0
  DEBUG   control_unit:process_tick  execute_command       Opcode.JE | tick:        135 | ip:         20 | dr         20 |ar:       2012 | acc:          0
  DEBUG   control_unit:process_tick  execute_command       Opcode.LD | tick:        139 | ip:         21 | dr        114 |ar:       4095 | acc:        114
  DEBUG   control_unit:process_tick  execute_command       Opcode.ST | tick:        144 | ip:         22 | dr        114 |ar:       2012 | acc:        114
  DEBUG   control_unit:process_tick  execute_command      Opcode.POP | tick:        146 | ip:         23 | dr        114 |ar:       2012 | acc:       2012
  DEBUG   control_unit:process_tick  execute_command       Opcode.LD | tick:        150 | ip:         24 | dr        116 |ar:       2000 | acc:        116
  DEBUG   control_unit:process_tick  execute_command       Opcode.ST | tick:        154 | ip:         25 | dr        116 |ar:       4095 | acc:        116
  DEBUG   control_unit:process_tick  execute_command     Opcode.JUMP | tick:        158 | ip:          8 | dr          8 |ar:       4095 | acc:        116
  DEBUG   control_unit:process_tick  execute_command       Opcode.LD | tick:        162 | ip:          9 | dr        116 |ar:       4095 | acc:        116
  DEBUG   control_unit:process_tick  execute_command      Opcode.CMP | tick:        166 | ip:         10 | dr          0 |ar:       4095 | acc:        116
  DEBUG   control_unit:process_tick  execute_command       Opcode.JB | tick:        170 | ip:         11 | dr         26 |ar:       4095 | acc:        116
  DEBUG   control_unit:process_tick  execute_command       Opcode.LD | tick:        174 | ip:         12 | dr       2011 |ar:       4095 | acc:       2011
  DEBUG   control_unit:process_tick  execute_command     Opcode.PUSH | tick:        176 | ip:         13 | dr       2011 |ar:       4095 | acc:       2011
  DEBUG   control_unit:process_tick  execute_command       Opcode.LD | tick:        181 | ip:         14 | dr         65 |ar:       2011 | acc:         65
  DEBUG   control_unit:process_tick  execute_command      Opcode.CMP | tick:        185 | ip:         15 | dr          0 |ar:       2011 | acc:         65
  DEBUG   control_unit:process_tick  execute_command       Opcode.JE | tick:        189 | ip:         16 | dr         20 |ar:       2011 | acc:         65
  DEBUG   control_unit:process_tick  execute_command      Opcode.POP | tick:        191 | ip:         17 | dr         20 |ar:       2011 | acc:       2011
  DEBUG   control_unit:process_tick  execute_command      Opcode.INC | tick:        193 | ip:         18 | dr         20 |ar:       2011 | acc:       2012
  DEBUG   control_unit:process_tick  execute_command     Opcode.PUSH | tick:        195 | ip:         19 | dr         20 |ar:       2011 | acc:       2012
  DEBUG   control_unit:process_tick  execute_command     Opcode.JUMP | tick:        199 | ip:         13 | dr         13 |ar:       2011 | acc:       2012
  DEBUG   control_unit:process_tick  execute_command       Opcode.LD | tick:        204 | ip:         14 | dr        114 |ar:       2012 | acc:        114
  DEBUG   control_unit:process_tick  execute_command      Opcode.CMP | tick:        208 | ip:         15 | dr          0 |ar:       2012 | acc:        114
  DEBUG   control_unit:process_tick  execute_command       Opcode.JE | tick:        212 | ip:         16 | dr         20 |ar:       2012 | acc:        114
  DEBUG   control_unit:process_tick  execute_command      Opcode.POP | tick:        214 | ip:         17 | dr         20 |ar:       2012 | acc:       2012
  DEBUG   control_unit:process_tick  execute_command      Opcode.INC | tick:        216 | ip:         18 | dr         20 |ar:       2012 | acc:       2013
  DEBUG   control_unit:process_tick  execute_command     Opcode.PUSH | tick:        218 | ip:         19 | dr         20 |ar:       2012 | acc:       2013
  DEBUG   control_unit:process_tick  execute_command     Opcode.JUMP | tick:        222 | ip:         13 | dr         13 |ar:       2012 | acc:       2013
  DEBUG   control_unit:process_tick  execute_command       Opcode.LD | tick:        227 | ip:         14 | dr          0 |ar:       2013 | acc:          0
  DEBUG   control_unit:process_tick  execute_command      Opcode.CMP | tick:        231 | ip:         15 | dr          0 |ar:       2013 | acc:          0
  DEBUG   control_unit:process_tick  execute_command       Opcode.JE | tick:        235 | ip:         20 | dr         20 |ar:       2013 | acc:          0
  DEBUG   control_unit:process_tick  execute_command       Opcode.LD | tick:        239 | ip:         21 | dr        116 |ar:       4095 | acc:        116
  DEBUG   control_unit:process_tick  execute_command       Opcode.ST | tick:        244 | ip:         22 | dr        116 |ar:       2013 | acc:        116
  DEBUG   control_unit:process_tick  execute_command      Opcode.POP | tick:        246 | ip:         23 | dr        116 |ar:       2013 | acc:       2013
  DEBUG   control_unit:process_tick  execute_command       Opcode.LD | tick:        250 | ip:         24 | dr        101 |ar:       2000 | acc:        101
  DEBUG   control_unit:process_tick  execute_command       Opcode.ST | tick:        254 | ip:         25 | dr        101 |ar:       4095 | acc:        101
  DEBUG   control_unit:process_tick  execute_command     Opcode.JUMP | tick:        258 | ip:          8 | dr          8 |ar:       4095 | acc:        101
  DEBUG   control_unit:process_tick  execute_command       Opcode.LD | tick:        262 | ip:          9 | dr        101 |ar:       4095 | acc:        101
  DEBUG   control_unit:process_tick  execute_command      Opcode.CMP | tick:        266 | ip:         10 | dr          0 |ar:       4095 | acc:        101
  DEBUG   control_unit:process_tick  execute_command       Opcode.JB | tick:        270 | ip:         11 | dr         26 |ar:       4095 | acc:        101
  DEBUG   control_unit:process_tick  execute_command       Opcode.LD | tick:        274 | ip:         12 | dr       2011 |ar:       4095 | acc:       2011
  DEBUG   control_unit:process_tick  execute_command     Opcode.PUSH | tick:        276 | ip:         13 | dr       2011 |ar:       4095 | acc:       2011
  DEBUG   control_unit:process_tick  execute_command       Opcode.LD | tick:        281 | ip:         14 | dr         65 |ar:       2011 | acc:         65
  DEBUG   control_unit:process_tick  execute_command      Opcode.CMP | tick:        285 | ip:         15 | dr          0 |ar:       2011 | acc:         65
  DEBUG   control_unit:process_tick  execute_command       Opcode.JE | tick:        289 | ip:         16 | dr         20 |ar:       2011 | acc:         65
  DEBUG   control_unit:process_tick  execute_command      Opcode.POP | tick:        291 | ip:         17 | dr         20 |ar:       2011 | acc:       2011
  DEBUG   control_unit:process_tick  execute_command      Opcode.INC | tick:        293 | ip:         18 | dr         20 |ar:       2011 | acc:       2012
  DEBUG   control_unit:process_tick  execute_command     Opcode.PUSH | tick:        295 | ip:         19 | dr         20 |ar:       2011 | acc:       2012
  DEBUG   control_unit:process_tick  execute_command     Opcode.JUMP | tick:        299 | ip:         13 | dr         13 |ar:       2011 | acc:       2012
  DEBUG   control_unit:process_tick  execute_command       Opcode.LD | tick:        304 | ip:         14 | dr        114 |ar:       2012 | acc:        114
  DEBUG   control_unit:process_tick  execute_command      Opcode.CMP | tick:        308 | ip:         15 | dr          0 |ar:       2012 | acc:        114
  DEBUG   control_unit:process_tick  execute_command       Opcode.JE | tick:        312 | ip:         16 | dr         20 |ar:       2012 | acc:        114
  DEBUG   control_unit:process_tick  execute_command      Opcode.POP | tick:        314 | ip:         17 | dr         20 |ar:       2012 | acc:       2012
  DEBUG   control_unit:process_tick  execute_command      Opcode.INC | tick:        316 | ip:         18 | dr         20 |ar:       2012 | acc:       2013
  DEBUG   control_unit:process_tick  execute_command     Opcode.PUSH | tick:        318 | ip:         19 | dr         20 |ar:       2012 | acc:       2013
  DEBUG   control_unit:process_tick  execute_command     Opcode.JUMP | tick:        322 | ip:         13 | dr         13 |ar:       2012 | acc:       2013
  DEBUG   control_unit:process_tick  execute_command       Opcode.LD | tick:        327 | ip:         14 | dr        116 |ar:       2013 | acc:        116
  DEBUG   control_unit:process_tick  execute_command      Opcode.CMP | tick:        331 | ip:         15 | dr          0 |ar:       2013 | acc:        116
  DEBUG   control_unit:process_tick  execute_command       Opcode.JE | tick:        335 | ip:         16 | dr         20 |ar:       2013 | acc:        116
  DEBUG   control_unit:process_tick  execute_command      Opcode.POP | tick:        337 | ip:         17 | dr         20 |ar:       2013 | acc:       2013
  DEBUG   control_unit:process_tick  execute_command      Opcode.INC | tick:        339 | ip:         18 | dr         20 |ar:       2013 | acc:       2014
  DEBUG   control_unit:process_tick  execute_command     Opcode.PUSH | tick:        341 | ip:         19 | dr         20 |ar:       2013 | acc:       2014
  DEBUG   control_unit:process_tick  execute_command     Opcode.JUMP | tick:        345 | ip:         13 | dr         13 |ar:       2013 | acc:       2014
  DEBUG   control_unit:process_tick  execute_command       Opcode.LD | tick:        350 | ip:         14 | dr          0 |ar:       2014 | acc:          0
  DEBUG   control_unit:process_tick  execute_command      Opcode.CMP | tick:        354 | ip:         15 | dr          0 |ar:       2014 | acc:          0
  DEBUG   control_unit:process_tick  execute_command       Opcode.JE | tick:        358 | ip:         20 | dr         20 |ar:       2014 | acc:          0
  DEBUG   control_unit:process_tick  execute_command       Opcode.LD | tick:        362 | ip:         21 | dr        101 |ar:       4095 | acc:        101
  DEBUG   control_unit:process_tick  execute_command       Opcode.ST | tick:        367 | ip:         22 | dr        101 |ar:       2014 | acc:        101
  DEBUG   control_unit:process_tick  execute_command      Opcode.POP | tick:        369 | ip:         23 | dr        101 |ar:       2014 | acc:       2014
  DEBUG   control_unit:process_tick  execute_command       Opcode.LD | tick:        373 | ip:         24 | dr        109 |ar:       2000 | acc:        109
  DEBUG   control_unit:process_tick  execute_command       Opcode.ST | tick:        377 | ip:         25 | dr        109 |ar:       4095 | acc:        109
  DEBUG   control_unit:process_tick  execute_command     Opcode.JUMP | tick:        381 | ip:          8 | dr          8 |ar:       4095 | acc:        109
  DEBUG   control_unit:process_tick  execute_command       Opcode.LD | tick:        385 | ip:          9 | dr        109 |ar:       4095 | acc:        109
  DEBUG   control_unit:process_tick  execute_command      Opcode.CMP | tick:        389 | ip:         10 | dr          0 |ar:       4095 | acc:        109
  DEBUG   control_unit:process_tick  execute_command       Opcode.JB | tick:        393 | ip:         11 | dr         26 |ar:       4095 | acc:        109
  DEBUG   control_unit:process_tick  execute_command       Opcode.LD | tick:        397 | ip:         12 | dr       2011 |ar:       4095 | acc:       2011
  DEBUG   control_unit:process_tick  execute_command     Opcode.PUSH | tick:        399 | ip:         13 | dr       2011 |ar:       4095 | acc:       2011
  DEBUG   control_unit:process_tick  execute_command       Opcode.LD | tick:        404 | ip:         14 | dr         65 |ar:       2011 | acc:         65
  DEBUG   control_unit:process_tick  execute_command      Opcode.CMP | tick:        408 | ip:         15 | dr          0 |ar:       2011 | acc:         65
  DEBUG   control_unit:process_tick  execute_command       Opcode.JE | tick:        412 | ip:         16 | dr         20 |ar:       2011 | acc:         65
  DEBUG   control_unit:process_tick  execute_command      Opcode.POP | tick:        414 | ip:         17 | dr         20 |ar:       2011 | acc:       2011
  DEBUG   control_unit:process_tick  execute_command      Opcode.INC | tick:        416 | ip:         18 | dr         20 |ar:       2011 | acc:       2012
  DEBUG   control_unit:process_tick  execute_command     Opcode.PUSH | tick:        418 | ip:         19 | dr         20 |ar:       2011 | acc:       2012
  DEBUG   control_unit:process_tick  execute_command     Opcode.JUMP | tick:        422 | ip:         13 | dr         13 |ar:       2011 | acc:       2012
  DEBUG   control_unit:process_tick  execute_command       Opcode.LD | tick:        427 | ip:         14 | dr        114 |ar:       2012 | acc:        114
  DEBUG   control_unit:process_tick  execute_command      Opcode.CMP | tick:        431 | ip:         15 | dr          0 |ar:       2012 | acc:        114
  DEBUG   control_unit:process_tick  execute_command       Opcode.JE | tick:        435 | ip:         16 | dr         20 |ar:       2012 | acc:        114
  DEBUG   control_unit:process_tick  execute_command      Opcode.POP | tick:        437 | ip:         17 | dr         20 |ar:       2012 | acc:       2012
  DEBUG   control_unit:process_tick  execute_command      Opcode.INC | tick:        439 | ip:         18 | dr         20 |ar:       2012 | acc:       2013
  DEBUG   control_unit:process_tick  execute_command     Opcode.PUSH | tick:        441 | ip:         19 | dr         20 |ar:       2012 | acc:       2013
  DEBUG   control_unit:process_tick  execute_command     Opcode.JUMP | tick:        445 | ip:         13 | dr         13 |ar:       2012 | acc:       2013
  DEBUG   control_unit:process_tick  execute_command       Opcode.LD | tick:        450 | ip:         14 | dr        116 |ar:       2013 | acc:        116
  DEBUG   control_unit:process_tick  execute_command      Opcode.CMP | tick:        454 | ip:         15 | dr          0 |ar:       2013 | acc:        116
  DEBUG   control_unit:process_tick  execute_command       Opcode.JE | tick:        458 | ip:         16 | dr         20 |ar:       2013 | acc:        116
  DEBUG   control_unit:process_tick  execute_command      Opcode.POP | tick:        460 | ip:         17 | dr         20 |ar:       2013 | acc:       2013
  DEBUG   control_unit:process_tick  execute_command      Opcode.INC | tick:        462 | ip:         18 | dr         20 |ar:       2013 | acc:       2014
  DEBUG   control_unit:process_tick  execute_command     Opcode.PUSH | tick:        464 | ip:         19 | dr         20 |ar:       2013 | acc:       2014
  DEBUG   control_unit:process_tick  execute_command     Opcode.JUMP | tick:        468 | ip:         13 | dr         13 |ar:       2013 | acc:       2014
  DEBUG   control_unit:process_tick  execute_command       Opcode.LD | tick:        473 | ip:         14 | dr        101 |ar:       2014 | acc:        101
  DEBUG   control_unit:process_tick  execute_command      Opcode.CMP | tick:        477 | ip:         15 | dr          0 |ar:       2014 | acc:        101
  DEBUG   control_unit:process_tick  execute_command       Opcode.JE | tick:        481 | ip:         16 | dr         20 |ar:       2014 | acc:        101
  DEBUG   control_unit:process_tick  execute_command      Opcode.POP | tick:        483 | ip:         17 | dr         20 |ar:       2014 | acc:       2014
  DEBUG   control_unit:process_tick  execute_command      Opcode.INC | tick:        485 | ip:         18 | dr         20 |ar:       2014 | acc:       2015
  DEBUG   control_unit:process_tick  execute_command     Opcode.PUSH | tick:        487 | ip:         19 | dr         20 |ar:       2014 | acc:       2015
  DEBUG   control_unit:process_tick  execute_command     Opcode.JUMP | tick:        491 | ip:         13 | dr         13 |ar:       2014 | acc:       2015
  DEBUG   control_unit:process_tick  execute_command       Opcode.LD | tick:        496 | ip:         14 | dr          0 |ar:       2015 | acc:          0
  DEBUG   control_unit:process_tick  execute_command      Opcode.CMP | tick:        500 | ip:         15 | dr          0 |ar:       2015 | acc:          0
  DEBUG   control_unit:process_tick  execute_command       Opcode.JE | tick:        504 | ip:         20 | dr         20 |ar:       2015 | acc:          0
  DEBUG   control_unit:process_tick  execute_command       Opcode.LD | tick:        508 | ip:         21 | dr        109 |ar:       4095 | acc:        109
  DEBUG   control_unit:process_tick  execute_command       Opcode.ST | tick:        513 | ip:         22 | dr        109 |ar:       2015 | acc:        109
  DEBUG   control_unit:process_tick  execute_command      Opcode.POP | tick:        515 | ip:         23 | dr        109 |ar:       2015 | acc:       2015
  DEBUG   control_unit:process_tick  execute_command       Opcode.LD | tick:        519 | ip:         24 | dr          0 |ar:       2000 | acc:          0
  DEBUG   control_unit:process_tick  execute_command       Opcode.ST | tick:        523 | ip:         25 | dr          0 |ar:       4095 | acc:          0
  DEBUG   control_unit:process_tick  execute_command     Opcode.JUMP | tick:        527 | ip:          8 | dr          8 |ar:       4095 | acc:          0
  DEBUG   control_unit:process_tick  execute_command       Opcode.LD | tick:        531 | ip:          9 | dr          0 |ar:       4095 | acc:          0
  DEBUG   control_unit:process_tick  execute_command      Opcode.CMP | tick:        535 | ip:         10 | dr          0 |ar:       4095 | acc:          0
  DEBUG   control_unit:process_tick  execute_command       Opcode.JB | tick:        539 | ip:         26 | dr         26 |ar:       4095 | acc:          0
  DEBUG   control_unit:process_tick  execute_command       Opcode.LD | tick:        543 | ip:         27 | dr       2011 |ar:       4095 | acc:       2011
  DEBUG   control_unit:process_tick  execute_command     Opcode.PUSH | tick:        545 | ip:         28 | dr       2011 |ar:       4095 | acc:       2011
  DEBUG   control_unit:process_tick  execute_command       Opcode.LD | tick:        550 | ip:         29 | dr         65 |ar:       2011 | acc:         65
  DEBUG   data_path:output         <- A
  DEBUG   control_unit:process_tick  execute_command       Opcode.ST | tick:        554 | ip:         30 | dr         65 |ar:       2000 | acc:         65
  DEBUG   control_unit:process_tick  execute_command      Opcode.CMP | tick:        558 | ip:         31 | dr          0 |ar:       2000 | acc:         65
  DEBUG   control_unit:process_tick  execute_command       Opcode.JE | tick:        562 | ip:         32 | dr         36 |ar:       2000 | acc:         65
  DEBUG   control_unit:process_tick  execute_command      Opcode.POP | tick:        564 | ip:         33 | dr         36 |ar:       2000 | acc:       2011
  DEBUG   control_unit:process_tick  execute_command      Opcode.INC | tick:        566 | ip:         34 | dr         36 |ar:       2000 | acc:       2012
  DEBUG   control_unit:process_tick  execute_command     Opcode.PUSH | tick:        568 | ip:         35 | dr         36 |ar:       2000 | acc:       2012
  DEBUG   control_unit:process_tick  execute_command     Opcode.JUMP | tick:        572 | ip:         28 | dr         28 |ar:       2000 | acc:       2012
  DEBUG   control_unit:process_tick  execute_command       Opcode.LD | tick:        577 | ip:         29 | dr        114 |ar:       2012 | acc:        114
  DEBUG   data_path:output        A <- r
  DEBUG   control_unit:process_tick  execute_command       Opcode.ST | tick:        581 | ip:         30 | dr        114 |ar:       2000 | acc:        114
  DEBUG   control_unit:process_tick  execute_command      Opcode.CMP | tick:        585 | ip:         31 | dr          0 |ar:       2000 | acc:        114
  DEBUG   control_unit:process_tick  execute_command       Opcode.JE | tick:        589 | ip:         32 | dr         36 |ar:       2000 | acc:        114
  DEBUG   control_unit:process_tick  execute_command      Opcode.POP | tick:        591 | ip:         33 | dr         36 |ar:       2000 | acc:       2012
  DEBUG   control_unit:process_tick  execute_command      Opcode.INC | tick:        593 | ip:         34 | dr         36 |ar:       2000 | acc:       2013
  DEBUG   control_unit:process_tick  execute_command     Opcode.PUSH | tick:        595 | ip:         35 | dr         36 |ar:       2000 | acc:       2013
  DEBUG   control_unit:process_tick  execute_command     Opcode.JUMP | tick:        599 | ip:         28 | dr         28 |ar:       2000 | acc:       2013
  DEBUG   control_unit:process_tick  execute_command       Opcode.LD | tick:        604 | ip:         29 | dr        116 |ar:       2013 | acc:        116
  DEBUG   data_path:output        Ar <- t
  DEBUG   control_unit:process_tick  execute_command       Opcode.ST | tick:        608 | ip:         30 | dr        116 |ar:       2000 | acc:        116
  DEBUG   control_unit:process_tick  execute_command      Opcode.CMP | tick:        612 | ip:         31 | dr          0 |ar:       2000 | acc:        116
  DEBUG   control_unit:process_tick  execute_command       Opcode.JE | tick:        616 | ip:         32 | dr         36 |ar:       2000 | acc:        116
  DEBUG   control_unit:process_tick  execute_command      Opcode.POP | tick:        618 | ip:         33 | dr         36 |ar:       2000 | acc:       2013
  DEBUG   control_unit:process_tick  execute_command      Opcode.INC | tick:        620 | ip:         34 | dr         36 |ar:       2000 | acc:       2014
  DEBUG   control_unit:process_tick  execute_command     Opcode.PUSH | tick:        622 | ip:         35 | dr         36 |ar:       2000 | acc:       2014
  DEBUG   control_unit:process_tick  execute_command     Opcode.JUMP | tick:        626 | ip:         28 | dr         28 |ar:       2000 | acc:       2014
  DEBUG   control_unit:process_tick  execute_command       Opcode.LD | tick:        631 | ip:         29 | dr        101 |ar:       2014 | acc:        101
  DEBUG   data_path:output        Art <- e
  DEBUG   control_unit:process_tick  execute_command       Opcode.ST | tick:        635 | ip:         30 | dr        101 |ar:       2000 | acc:        101
  DEBUG   control_unit:process_tick  execute_command      Opcode.CMP | tick:        639 | ip:         31 | dr          0 |ar:       2000 | acc:        101
  DEBUG   control_unit:process_tick  execute_command       Opcode.JE | tick:        643 | ip:         32 | dr         36 |ar:       2000 | acc:        101
  DEBUG   control_unit:process_tick  execute_command      Opcode.POP | tick:        645 | ip:         33 | dr         36 |ar:       2000 | acc:       2014
  DEBUG   control_unit:process_tick  execute_command      Opcode.INC | tick:        647 | ip:         34 | dr         36 |ar:       2000 | acc:       2015
  DEBUG   control_unit:process_tick  execute_command     Opcode.PUSH | tick:        649 | ip:         35 | dr         36 |ar:       2000 | acc:       2015
  DEBUG   control_unit:process_tick  execute_command     Opcode.JUMP | tick:        653 | ip:         28 | dr         28 |ar:       2000 | acc:       2015
  DEBUG   control_unit:process_tick  execute_command       Opcode.LD | tick:        658 | ip:         29 | dr        109 |ar:       2015 | acc:        109
  DEBUG   data_path:output        Arte <- m
  DEBUG   control_unit:process_tick  execute_command       Opcode.ST | tick:        662 | ip:         30 | dr        109 |ar:       2000 | acc:        109
  DEBUG   control_unit:process_tick  execute_command      Opcode.CMP | tick:        666 | ip:         31 | dr          0 |ar:       2000 | acc:        109
  DEBUG   control_unit:process_tick  execute_command       Opcode.JE | tick:        670 | ip:         32 | dr         36 |ar:       2000 | acc:        109
  DEBUG   control_unit:process_tick  execute_command      Opcode.POP | tick:        672 | ip:         33 | dr         36 |ar:       2000 | acc:       2015
  DEBUG   control_unit:process_tick  execute_command      Opcode.INC | tick:        674 | ip:         34 | dr         36 |ar:       2000 | acc:       2016
  DEBUG   control_unit:process_tick  execute_command     Opcode.PUSH | tick:        676 | ip:         35 | dr         36 |ar:       2000 | acc:       2016
  DEBUG   control_unit:process_tick  execute_command     Opcode.JUMP | tick:        680 | ip:         28 | dr         28 |ar:       2000 | acc:       2016
  DEBUG   control_unit:process_tick  execute_command       Opcode.LD | tick:        685 | ip:         29 | dr          0 |ar:       2016 | acc:          0
  DEBUG   control_unit:process_tick  execute_command       Opcode.ST | tick:        689 | ip:         30 | dr          0 |ar:       2000 | acc:          0
  DEBUG   control_unit:process_tick  execute_command      Opcode.CMP | tick:        693 | ip:         31 | dr          0 |ar:       2000 | acc:          0
  DEBUG   control_unit:process_tick  execute_command       Opcode.JE | tick:        697 | ip:         36 | dr         36 |ar:       2000 | acc:          0
  DEBUG   control_unit:process_tick  execute_command      Opcode.POP | tick:        699 | ip:         37 | dr         36 |ar:       2000 | acc:       2016
  DEBUG   data_path:output_the_buffer output: Artem
  INFO    processor:simulation    Simulation stop