in_source: |-
  print('hello world!');
in_stdin: |-
out_code: |-
  [{"index": 0, "opcode": "Opcode.JUMP", "arg1": "#", "arg2": 14},
  {"index": 1, "opcode": "Opcode.NOP", "arg1": 104, "arg2": null},
  {"index": 2, "opcode": "Opcode.NOP", "arg1": 101, "arg2": null},
  {"index": 3, "opcode": "Opcode.NOP", "arg1": 108, "arg2": null},
  {"index": 4, "opcode": "Opcode.NOP", "arg1": 108, "arg2": null},
  {"index": 5, "opcode": "Opcode.NOP", "arg1": 111, "arg2": null},
  {"index": 6, "opcode": "Opcode.NOP", "arg1": 32, "arg2": null},
  {"index": 7, "opcode": "Opcode.NOP", "arg1": 119, "arg2": null},
  {"index": 8, "opcode": "Opcode.NOP", "arg1": 111, "arg2": null},
  {"index": 9, "opcode": "Opcode.NOP", "arg1": 114, "arg2": null},
  {"index": 10, "opcode": "Opcode.NOP", "arg1": 108, "arg2": null},
  {"index": 11, "opcode": "Opcode.NOP", "arg1": 100, "arg2": null},
  {"index": 12, "opcode": "Opcode.NOP", "arg1": 33, "arg2": null},
  {"index": 13, "opcode": "Opcode.NOP", "arg1": 0, "arg2": null},
  {"index": 14, "opcode": "Opcode.LD", "arg1": "#", "arg2": 1},
  {"index": 15, "opcode": "Opcode.PUSH", "arg1": null, "arg2": null},
  {"index": 16, "opcode": "Opcode.LD", "arg1": "~", "arg2": 4095},
  {"index": 17, "opcode": "Opcode.ST", "arg1": "=", "arg2": 2000},
  {"index": 18, "opcode": "Opcode.CMP", "arg1": "#", "arg2": 0},
  {"index": 19, "opcode": "Opcode.JE", "arg1": "#", "arg2": 24},
  {"index": 20, "opcode": "Opcode.POP", "arg1": null, "arg2": null},
  {"index": 21, "opcode": "Opcode.INC", "arg1": null, "arg2": null},
  {"index": 22, "opcode": "Opcode.PUSH", "arg1": null, "arg2": null},
  {"index": 23, "opcode": "Opcode.JUMP", "arg1": "#", "arg2": 16},
  {"index": 24, "opcode": "Opcode.HALT", "arg1": null, "arg2": null}]
out_stdout: |-
  hello world!
out_log: |-
  INFO    processor:simulation    Simulation start
  DEBUG   control_unit:process_tick  execute_command     Opcode.JUMP | tick:          3 | ip:         14 | dr         14 |ar:          0 | acc:          0
  DEBUG   control_unit:process_tick  execute_command       Opcode.LD | tick:          7 | ip:         15 | dr          1 |ar:          0 | acc:          1
  DEBUG   control_unit:process_tick  execute_command     Opcode.PUSH | tick:          9 | ip:         16 | dr          1 |ar:          0 | acc:          1
  DEBUG   control_unit:process_tick  execute_command       Opcode.LD | tick:         14 | ip:         17 | dr        104 |ar:          1 | acc:        104
  DEBUG   data_path:output         <- h
  DEBUG   control_unit:process_tick  execute_command       Opcode.ST | tick:         18 | ip:         18 | dr        104 |ar:       2000 | acc:        104
  DEBUG   control_unit:process_tick  execute_command      Opcode.CMP | tick:         22 | ip:         19 | dr          0 |ar:       2000 | acc:        104
  DEBUG   control_unit:process_tick  execute_command       Opcode.JE | tick:         26 | ip:         20 | dr         24 |ar:       2000 | acc:        104
  DEBUG   control_unit:process_tick  execute_command      Opcode.POP | tick:         28 | ip:         21 | dr         24 |ar:       2000 | acc:          1
  DEBUG   control_unit:process_tick  execute_command      Opcode.INC | tick:         30 | ip:         22 | dr         24 |ar:       2000 | acc:          2
  DEBUG   control_unit:process_tick  execute_command     Opcode.PUSH | tick:         32 | ip:         23 | dr         24 |ar:       2000 | acc:          2
  DEBUG   control_unit:process_tick  execute_command     Opcode.JUMP | tick:         36 | ip:         16 | dr         16 |ar:       2000 | acc:          2
  DEBUG   control_unit:process_tick  execute_command       Opcode.LD | tick:         41 | ip:         17 | dr        101 |ar:          2 | acc:        101
  DEBUG   data_path:output        h <- e
  DEBUG   control_unit:process_tick  execute_command       Opcode.ST | tick:         45 | ip:         18 | dr        101 |ar:       2000 | acc:        101
  DEBUG   control_unit:process_tick  execute_command      Opcode.CMP | tick:         49 | ip:         19 | dr          0 |ar:       2000 | acc:        101
  DEBUG   control_unit:process_tick  execute_command       Opcode.JE | tick:         53 | ip:         20 | dr         24 |ar:       2000 | acc:        101
  DEBUG   control_unit:process_tick  execute_command      Opcode.POP | tick:         55 | ip:         21 | dr         24 |ar:       2000 | acc:          2
  DEBUG   control_unit:process_tick  execute_command      Opcode.INC | tick:         57 | ip:         22 | dr         24 |ar:       2000 | acc:          3
  DEBUG   control_unit:process_tick  execute_command     Opcode.PUSH | tick:         59 | ip:         23 | dr         24 |ar:       2000 | acc:          3
  DEBUG   control_unit:process_tick  execute_command     Opcode.JUMP | tick:         63 | ip:         16 | dr         16 |ar:       2000 | acc:          3
  DEBUG   control_unit:process_tick  execute_command       Opcode.LD | tick:         68 | ip:         17 | dr        108 |ar:          3 | acc:        108
  DEBUG   data_path:output        he <- l
  DEBUG   control_unit:process_tick  execute_command       Opcode.ST | tick:         72 | ip:         18 | dr        108 |ar:       2000 | acc:        108
  DEBUG   control_unit:process_tick  execute_command      Opcode.CMP | tick:         76 | ip:         19 | dr          0 |ar:       2000 | acc:        108
  DEBUG   control_unit:process_tick  execute_command       Opcode.JE | tick:         80 | ip:         20 | dr         24 |ar:       2000 | acc:        108
  DEBUG   control_unit:process_tick  execute_command      Opcode.POP | tick:         82 | ip:         21 | dr         24 |ar:       2000 | acc:          3
  DEBUG   control_unit:process_tick  execute_command      Opcode.INC | tick:         84 | ip:         22 | dr         24 |ar:       2000 | acc:          4
  DEBUG   control_unit:process_tick  execute_command     Opcode.PUSH | tick:         86 | ip:         23 | dr         24 |ar:       2000 | acc:          4
  DEBUG   control_unit:process_tick  execute_command     Opcode.JUMP | tick:         90 | ip:         16 | dr         16 |ar:       2000 | acc:          4
  DEBUG   control_unit:process_tick  execute_command       Opcode.LD | tick:         95 | ip:         17 | dr        108 |ar:          4 | acc:        108
  DEBUG   data_path:output        hel <- l
  DEBUG   control_unit:process_tick  execute_command       Opcode.ST | tick:         99 | ip:         18 | dr        108 |ar:       2000 | acc:        108
  DEBUG   control_unit:process_tick  execute_command      Opcode.CMP | tick:        103 | ip:         19 | dr          0 |ar:       2000 | acc:        108
  DEBUG   control_unit:process_tick  execute_command       Opcode.JE | tick:        107 | ip:         20 | dr         24 |ar:       2000 | acc:        108
  DEBUG   control_unit:process_tick  execute_command      Opcode.POP | tick:        109 | ip:         21 | dr         24 |ar:       2000 | acc:          4
  DEBUG   control_unit:process_tick  execute_command      Opcode.INC | tick:        111 | ip:         22 | dr         24 |ar:       2000 | acc:          5
  DEBUG   control_unit:process_tick  execute_command     Opcode.PUSH | tick:        113 | ip:         23 | dr         24 |ar:       2000 | acc:          5
  DEBUG   control_unit:process_tick  execute_command     Opcode.JUMP | tick:        117 | ip:         16 | dr         16 |ar:       2000 | acc:          5
  DEBUG   control_unit:process_tick  execute_command       Opcode.LD | tick:        122 | ip:         17 | dr        111 |ar:          5 | acc:        111
  DEBUG   data_path:output        hell <- o
  DEBUG   control_unit:process_tick  execute_command       Opcode.ST | tick:        126 | ip:         18 | dr        111 |ar:       2000 | acc:        111
  DEBUG   control_unit:process_tick  execute_command      Opcode.CMP | tick:        130 | ip:         19 | dr          0 |ar:       2000 | acc:        111
  DEBUG   control_unit:process_tick  execute_command       Opcode.JE | tick:        134 | ip:         20 | dr         24 |ar:       2000 | acc:        111
  DEBUG   control_unit:process_tick  execute_command      Opcode.POP | tick:        136 | ip:         21 | dr         24 |ar:       2000 | acc:          5
  DEBUG   control_unit:process_tick  execute_command      Opcode.INC | tick:        138 | ip:         22 | dr         24 |ar:       2000 | acc:          6
  DEBUG   control_unit:process_tick  execute_command     Opcode.PUSH | tick:        140 | ip:         23 | dr         24 |ar:       2000 | acc:          6
  DEBUG   control_unit:process_tick  execute_command     Opcode.JUMP | tick:        144 | ip:         16 | dr         16 |ar:       2000 | acc:          6
  DEBUG   control_unit:process_tick  execute_command       Opcode.LD | tick:        149 | ip:         17 | dr         32 |ar:          6 | acc:         32
  DEBUG   data_path:output        hello <- ' '
  DEBUG   control_unit:process_tick  execute_command       Opcode.ST | tick:        153 | ip:         18 | dr         32 |ar:       2000 | acc:         32
  DEBUG   control_unit:process_tick  execute_command      Opcode.CMP | tick:        157 | ip:         19 | dr          0 |ar:       2000 | acc:         32
  DEBUG   control_unit:process_tick  execute_command       Opcode.JE | tick:        161 | ip:         20 | dr         24 |ar:       2000 | acc:         32
  DEBUG   control_unit:process_tick  execute_command      Opcode.POP | tick:        163 | ip:         21 | dr         24 |ar:       2000 | acc:          6
  DEBUG   control_unit:process_tick  execute_command      Opcode.INC | tick:        165 | ip:         22 | dr         24 |ar:       2000 | acc:          7
  DEBUG   control_unit:process_tick  execute_command     Opcode.PUSH | tick:        167 | ip:         23 | dr         24 |ar:       2000 | acc:          7
  DEBUG   control_unit:process_tick  execute_command     Opcode.JUMP | tick:        171 | ip:         16 | dr         16 |ar:       2000 | acc:          7
  DEBUG   control_unit:process_tick  execute_command       Opcode.LD | tick:        176 | ip:         17 | dr        119 |ar:          7 | acc:        119
  DEBUG   data_path:output        hello  <- w
  DEBUG   control_unit:process_tick  execute_command       Opcode.ST | tick:        180 | ip:         18 | dr        119 |ar:       2000 | acc:        119
  DEBUG   control_unit:process_tick  execute_command      Opcode.CMP | tick:        184 | ip:         19 | dr          0 |ar:       2000 | acc:        119
  DEBUG   control_unit:process_tick  execute_command       Opcode.JE | tick:        188 | ip:         20 | dr         24 |ar:       2000 | acc:        119
  DEBUG   control_unit:process_tick  execute_command      Opcode.POP | tick:        190 | ip:         21 | dr         24 |ar:       2000 | acc:          7
  DEBUG   control_unit:process_tick  execute_command      Opcode.INC | tick:        192 | ip:         22 | dr         24 |ar:       2000 | acc:          8
  DEBUG   control_unit:process_tick  execute_command     Opcode.PUSH | tick:        194 | ip:         23 | dr         24 |ar:       2000 | acc:          8
  DEBUG   control_unit:process_tick  execute_command     Opcode.JUMP | tick:        198 | ip:         16 | dr         16 |ar:       2000 | acc:          8
  DEBUG   control_unit:process_tick  execute_command       Opcode.LD | tick:        203 | ip:         17 | dr        111 |ar:          8 | acc:        111
  DEBUG   data_path:output        hello w <- o
  DEBUG   control_unit:process_tick  execute_command       Opcode.ST | tick:        207 | ip:         18 | dr        111 |ar:       2000 | acc:        111
  DEBUG   control_unit:process_tick  execute_command      Opcode.CMP | tick:        211 | ip:         19 | dr          0 |ar:       2000 | acc:        111
  DEBUG   control_unit:process_tick  execute_command       Opcode.JE | tick:        215 | ip:         20 | dr         24 |ar:       2000 | acc:        111
  DEBUG   control_unit:process_tick  execute_command      Opcode.POP | tick:        217 | ip:         21 | dr         24 |ar:       2000 | acc:          8
  DEBUG   control_unit:process_tick  execute_command      Opcode.INC | tick:        219 | ip:         22 | dr         24 |ar:       2000 | acc:          9
  DEBUG   control_unit:process_tick  execute_command     Opcode.PUSH | tick:        221 | ip:         23 | dr         24 |ar:       2000 | acc:          9
  DEBUG   control_unit:process_tick  execute_command     Opcode.JUMP | tick:        225 | ip:         16 | dr         16 |ar:       2000 | acc:          9
  DEBUG   control_unit:process_tick  execute_command       Opcode.LD | tick:        230 | ip:         17 | dr        114 |ar:          9 | acc:        114
  DEBUG   data_path:output        hello wo <- r
  DEBUG   control_unit:process_tick  execute_command       Opcode.ST | tick:        234 | ip:         18 | dr        114 |ar:       2000 | acc:        114
  DEBUG   control_unit:process_tick  execute_command      Opcode.CMP | tick:        238 | ip:         19 | dr          0 |ar:       2000 | acc:        114
  DEBUG   control_unit:process_tick  execute_command       Opcode.JE | tick:        242 | ip:         20 | dr         24 |ar:       2000 | acc:        114
  DEBUG   control_unit:process_tick  execute_command      Opcode.POP | tick:        244 | ip:         21 | dr         24 |ar:       2000 | acc:          9
  DEBUG   control_unit:process_tick  execute_command      Opcode.INC | tick:        246 | ip:         22 | dr         24 |ar:       2000 | acc:         10
  DEBUG   control_unit:process_tick  execute_command     Opcode.PUSH | tick:        248 | ip:         23 | dr         24 |ar:       2000 | acc:         10
  DEBUG   control_unit:process_tick  execute_command     Opcode.JUMP | tick:        252 | ip:         16 | dr         16 |ar:       2000 | acc:         10
  DEBUG   control_unit:process_tick  execute_command       Opcode.LD | tick:        257 | ip:         17 | dr        108 |ar:         10 | acc:        108
  DEBUG   data_path:output        hello wor <- l
  DEBUG   control_unit:process_tick  execute_command       Opcode.ST | tick:        261 | ip:         18 | dr        108 |ar:       2000 | acc:        108
  DEBUG   control_unit:process_tick  execute_command      Opcode.CMP | tick:        265 | ip:         19 | dr          0 |ar:       2000 | acc:        108
  DEBUG   control_unit:process_tick  execute_command       Opcode.JE | tick:        269 | ip:         20 | dr         24 |ar:       2000 | acc:        108
  DEBUG   control_unit:process_tick  execute_command      Opcode.POP | tick:        271 | ip:         21 | dr         24 |ar:       2000 | acc:         10
  DEBUG   control_unit:process_tick  execute_command      Opcode.INC | tick:        273 | ip:         22 | dr         24 |ar:       2000 | acc:         11
  DEBUG   control_unit:process_tick  execute_command     Opcode.PUSH | tick:        275 | ip:         23 | dr         24 |ar:       2000 | acc:         11
  DEBUG   control_unit:process_tick  execute_command     Opcode.JUMP | tick:        279 | ip:         16 | dr         16 |ar:       2000 | acc:         11
  DEBUG   control_unit:process_tick  execute_command       Opcode.LD | tick:        284 | ip:         17 | dr        100 |ar:         11 | acc:        100
  DEBUG   data_path:output        hello worl <- d
  DEBUG   control_unit:process_tick  execute_command       Opcode.ST | tick:        288 | ip:         18 | dr        100 |ar:       2000 | acc:        100
  DEBUG   control_unit:process_tick  execute_command      Opcode.CMP | tick:        292 | ip:         19 | dr          0 |ar:       2000 | acc:        100
  DEBUG   control_unit:process_tick  execute_command       Opcode.JE | tick:        296 | ip:         20 | dr         24 |ar:       2000 | acc:        100
  DEBUG   control_unit:process_tick  execute_command      Opcode.POP | tick:        298 | ip:         21 | dr         24 |ar:       2000 | acc:         11
  DEBUG   control_unit:process_tick  execute_command      Opcode.INC | tick:        300 | ip:         22 | dr         24 |ar:       2000 | acc:         12
  DEBUG   control_unit:process_tick  execute_command     Opcode.PUSH | tick:        302 | ip:         23 | dr         24 |ar:       2000 | acc:         12
  DEBUG   control_unit:process_tick  execute_command     Opcode.JUMP | tick:        306 | ip:         16 | dr         16 |ar:       2000 | acc:         12
  DEBUG   control_unit:process_tick  execute_command       Opcode.LD | tick:        311 | ip:         17 | dr         33 |ar:         12 | acc:         33
  DEBUG   data_path:output        hello world <- !
  DEBUG   control_unit:process_tick  execute_command       Opcode.ST | tick:        315 | ip:         18 | dr         33 |ar:       2000 | acc:         33
  DEBUG   control_unit:process_tick  execute_command      Opcode.CMP | tick:        319 | ip:         19 | dr          0 |ar:       2000 | acc:         33
  DEBUG   control_unit:process_tick  execute_command       Opcode.JE | tick:        323 | ip:         20 | dr         24 |ar:       2000 | acc:         33
  DEBUG   control_unit:process_tick  execute_command      Opcode.POP | tick:        325 | ip:         21 | dr         24 |ar:       2000 | acc:         12
  DEBUG   control_unit:process_tick  execute_command      Opcode.INC | tick:        327 | ip:         22 | dr         24 |ar:       2000 | acc:         13
  DEBUG   control_unit:process_tick  execute_command     Opcode.PUSH | tick:        329 | ip:         23 | dr         24 |ar:       2000 | acc:         13
  DEBUG   control_unit:process_tick  execute_command     Opcode.JUMP | tick:        333 | ip:         16 | dr         16 |ar:       2000 | acc:         13
  DEBUG   control_unit:process_tick  execute_command       Opcode.LD | tick:        338 | ip:         17 | dr          0 |ar:         13 | acc:          0
  DEBUG   control_unit:process_tick  execute_command       Opcode.ST | tick:        342 | ip:         18 | dr          0 |ar:       2000 | acc:          0
  DEBUG   control_unit:process_tick  execute_command      Opcode.CMP | tick:        346 | ip:         19 | dr          0 |ar:       2000 | acc:          0
  DEBUG   control_unit:process_tick  execute_command       Opcode.JE | tick:        350 | ip:         24 | dr         24 |ar:       2000 | acc:          0
  DEBUG   data_path:output_the_buffer output: hello world!
  INFO    processor:simulation    Simulation stop